// Jest Snapshot v1, https://goo.gl/fbAQLP

exports[`Base URI should get base uri 1`] = `
exports {
  "accounts": Array [
    exports {
      "accountId": "d1872cc7-b51b-45fc-b401-498f7cb641ed",
      "accountName": "Individual",
      "baseUri": "https://demo.docusign.net",
      "isDefault": "true",
      "organization": exports {
        "links": Array [
          exports {
            "href": "https://account-d.docusign.com/organizations/020a334d-43a7-4d92-9879-9e8af32ce1bb",
            "rel": "self",
          },
        ],
        "organization_id": "020a334d-43a7-4d92-9879-9e8af32ce1bb",
      },
    },
  ],
  "created": "2022-06-24T06:37:38.24",
  "email": "lenzras@gmail.com",
  "familyName": "Ras",
  "givenName": "Lorenz",
  "name": "Lorenz Ras",
  "sub": "9169dfa2-cb51-47e7-bf93-da59d152da90",
}
`;
