// Jest Snapshot v1, https://goo.gl/fbAQLP

exports[`DS API should list folders 1`] = `
exports {
  "endPosition": "3",
  "folders": Array [
    exports {
      "folderId": "09f4d726-70c3-425f-8552-6ee4b63f228d",
      "hasSubFolders": "false",
      "itemCount": "0",
      "name": "Draft",
      "owner": exports {
        "email": "lenzras@gmail.com",
        "userId": "9169dfa2-cb51-47e7-bf93-da59d152da90",
        "userName": "Lorenz Ras",
      },
      "subFolderCount": "0",
      "type": "draft",
      "uri": "/folders/09f4d726-70c3-425f-8552-6ee4b63f228d",
    },
    exports {
      "folderId": "b51337f0-59e2-4272-a125-95feb6fcf70b",
      "hasSubFolders": "false",
      "itemCount": "0",
      "name": "Inbox",
      "owner": exports {
        "email": "lenzras@gmail.com",
        "userId": "9169dfa2-cb51-47e7-bf93-da59d152da90",
        "userName": "Lorenz Ras",
      },
      "subFolderCount": "0",
      "type": "inbox",
      "uri": "/folders/b51337f0-59e2-4272-a125-95feb6fcf70b",
    },
    exports {
      "folderId": "5feaec83-0da4-4c91-9fad-4abbcf18152e",
      "hasSubFolders": "false",
      "itemCount": "0",
      "name": "Deleted Items",
      "owner": exports {
        "email": "lenzras@gmail.com",
        "userId": "9169dfa2-cb51-47e7-bf93-da59d152da90",
        "userName": "Lorenz Ras",
      },
      "subFolderCount": "0",
      "type": "recyclebin",
      "uri": "/folders/5feaec83-0da4-4c91-9fad-4abbcf18152e",
    },
    exports {
      "folderId": "25196255-511c-492a-8e9a-9c1a8dad5d5d",
      "hasSubFolders": "false",
      "itemCount": "2",
      "name": "Sent Items",
      "owner": exports {
        "email": "lenzras@gmail.com",
        "userId": "9169dfa2-cb51-47e7-bf93-da59d152da90",
        "userName": "Lorenz Ras",
      },
      "subFolderCount": "0",
      "type": "sentitems",
      "uri": "/folders/25196255-511c-492a-8e9a-9c1a8dad5d5d",
    },
  ],
  "resultSetSize": "4",
  "startPosition": "0",
  "totalSetSize": "4",
}
`;
